After login to AWS EC2

$ sudo apt-get update
$ sudo apt-get install python3-pip apache2 libapache2-mod-wsgi-py3

cd /var/www/
$ sudo git clone https://github.com/SURAJ1717/deploy_ml.git

cd /var/www/deploy_ml
$ sudo virtualenv venv
$ source venv/bin/activate
$ sudo pip3 install -r requirements.txt
$ python3 app.py

// Apache2 configuration
cd /etc/apache2/sites-available
$ sudo nano flaskapp.conf
    
<VirtualHost *:80>
        ServerName webmaster@localhost
        DocumentRoot /var/www/

        WSGIDaemonProcess flaskapp threads=5 home=/var/www/deploy_ml/
        WSGIScriptAlias / /var/www/deploy_ml/flaskapp.wsgi

        <directory /var/www/deploy_ml>
                WSGIProcessGroup flaskapp
                WSGIApplicationGroup %{GLOBAL}
                WSGIScriptReloading On
                Order deny,allow
                Allow from all
        </directory>
</VirtualHost>

$ sudo a2ensites flaskapp.conf
$ sudo service apache2 restart

$ sudo tail -5 /var/log/apache2/error.log
